[backblue.gif]
[fade.gif]
[index.html]
[static.wixstatic.com/media/adcb2b_f3c5b3a4dad146f7bd2356dcd2945427_mv2.png/v1/fill/w_32,h_32,lg_1,usm_0.66_1.00_0.01/adcb2b_f3c5b3a4dad146f7bd2356dcd2945427_mv2.png]
[polyfill.io/v3/polyfill.mind82c.js]
[static.parastorage.com/unpkg/focus-within-polyfill@5.0.9/dist/focus-within-polyfill.js]
[static.parastorage.com/unpkg/core-js-bundle@3.2.1/minified.js]
[www.tmax.co.kr/47b73115.min.css]
[www.tmax.co.kr/1a3ca2ee.min.css]
[www.tmax.co.kr/16e44c05.min.css]
[www.tmax.co.kr/6ac53ab7.min.css]
[www.tmax.co.kr/02595569.min.css]
[static.parastorage.com/services/wix-thunderbolt/dist/index.html]
[www.tmax.co.kr/e5861f41.min.css]
[www.tmax.co.kr/c53e42d7.min.css]
[www.tmax.co.kr/da6c52cb.min.css]
[www.tmax.co.kr/3d2759f7.min.css]
[www.tmax.co.kr/960c3a88.min.css]
[www.tmax.co.kr/390543ac.min.css]
[www.tmax.co.kr/15b8d937.min.css]
[www.tmax.co.kr/f36661fb.min.css]
[www.tmax.co.kr/aa613bd1.min.css]
[www.tmax.co.kr/395efea1.min.css]
[www.tmax.co.kr/6daaad8b.min.css]
[www.tmax.co.kr/bf91693c.min.css]
[www.tmax.co.kr/b4ae8803.min.css]
[www.tmax.co.kr/62ccedec.min.css]
[www.tmax.co.kr/ae08c227.min.css]
[www.tmax.co.kr/11f27093.min.css]
[www.tmax.co.kr/9b155e90.min.css]
[www.tmax.co.kr/4ec2545d.min.css]
[www.tmax.co.kr/1bbe301d.min.css]
[www.tmax.co.kr/e78a13b3.min.css]
[www.tmax.co.kr/b604fd33.min.css]
[www.tmax.co.kr/48c6d58d.min.css]
[www.tmax.co.kr/439c90c8.min.css]
[www.tmax.co.kr/cd69f57c.min.css]
[www.tmax.co.kr/bc223d50.min.css]
[www.tmax.co.kr/bc2466c0.min.css]
[www.tmax.co.kr/5d7b6bbf.min.css]
[www.tmax.co.kr/3fdab364.min.css]
[www.tmax.co.kr/20d93486.min.css]
[www.tmax.co.kr/9692b4a8.min.css]
[www.tmax.co.kr/914012ea.min.css]
[www.tmax.co.kr/ffa0eb8f.min.css]
[www.tmax.co.kr/fe8be6d6.min.css]
[www.tmax.co.kr/a28cca36.min.css]
[www.tmax.co.kr/02b07b80.min.css]
[www.tmax.co.kr/265e9a4a.min.css]
[www.tmax.co.kr/ff342417.min.css]
[www.tmax.co.kr/2a1582d7.min.css]
[www.tmax.co.kr/eb321d93.min.css]
[www.tmax.co.kr/06cfef68.min.css]
[www.tmax.co.kr/49a18e23.min.css]
[www.tmax.co.kr/2467b183.min.css]
[www.tmax.co.kr/f9fd7cbe.min.css]
[www.tmax.co.kr/e142d0f4.min.css]
[www.tmax.co.kr/96a73741.min.css]
[www.tmax.co.kr/4c758e80.min.css]
[www.tmax.co.kr/44b62fdc.min.css]
[www.tmax.co.kr/7f8c7c3e.min.css]
[www.tmax.co.kr/fbbc0ea4.min.css]
[www.tmax.co.kr/5d29307d.min.css]
[www.tmax.co.kr/85af43ab.min.css]
[www.tmax.co.kr/7010eb60.min.css]
[www.tmax.co.kr/566bec70.min.css]
[www.tmax.co.kr/fc40122e.min.css]
[www.tmax.co.kr/45242c23.min.css]
[www.tmax.co.kr/0efca64c.min.css]
[www.tmax.co.kr/42ccdc69.min.css]
[www.tmax.co.kr/4ea3b970.min.css]
[www.tmax.co.kr/0ee85551.min.css]
[www.tmax.co.kr/085f85ee.min.css]
[www.tmax.co.kr/fc21aae5.min.css]
[www.tmax.co.kr/641eb53d.min.css]
[www.tmax.co.kr/cabcae51.min.css]
[www.tmax.co.kr/b66c178d.min.css]
[www.tmax.co.kr/c7fdedca.min.css]
[www.tmax.co.kr/ce9dcea4.min.css]
[www.tmax.co.kr/bc497b45.min.css]
[www.tmax.co.kr/2acb415c.min.css]
[www.tmax.co.kr/7d6cd51b.min.css]
[www.tmax.co.kr/16e57088.min.css]
[www.tmax.co.kr/0a1c073a.min.css]
[www.tmax.co.kr/1ac8fc0f.min.css]
[www.tmax.co.kr/e5d84163.min.css]
[www.tmax.co.kr/d5f023bb.min.css]
[www.tmax.co.kr/d820de38.min.css]
[www.tmax.co.kr/012dc85e.min.css]
[www.tmax.co.kr/9d29a199.min.css]
[www.tmax.co.kr/381ee71b.min.css]
[www.tmax.co.kr/bf413556.min.css]
[www.tmax.co.kr/316080a6.min.css]
[www.tmax.co.kr/51a9742f.min.css]
[www.tmax.co.kr/bf732f1f.min.css]
[www.tmax.co.kr/99f4b3eb.min.css]
[www.tmax.co.kr/a545d558.min.css]
[www.tmax.co.kr/2dbd3d0a.min.css]
[www.tmax.co.kr/5346ce3f.min.css]
[www.tmax.co.kr/f658a9c4.min.css]
[www.tmax.co.kr/7c9ceb1e.min.css]
[www.tmax.co.kr/aa72298b.min.css]
[www.tmax.co.kr/6ea2cb1c.min.css]
[www.tmax.co.kr/a9c2732c.min.css]
[www.tmax.co.kr/93e61b80.min.css]
[www.tmax.co.kr/4bbd8d4f.min.css]
[www.tmax.co.kr/f4297adc.min.css]
[www.tmax.co.kr/f3af5621.min.68.delayed]
[www.tmax.co.kr/23167c06.min.css]
[www.tmax.co.kr/4c919285.min.css]
[www.tmax.co.kr/99e902d9.min.css]
[www.tmax.co.kr/7761d6fc.min.css]
[www.tmax.co.kr/164e68d9.min.css]
[www.tmax.co.kr/40e5d5cf.min.css]
[www.tmax.co.kr/7c602eb2.min.css]
[www.tmax.co.kr/6b4c7217.min.css]
[www.tmax.co.kr/5b26625f.min.css]
[www.tmax.co.kr/2e327647.min.css]
[www.tmax.co.kr/4a6a7fc9.min.css]
[www.tmax.co.kr/f52e40aa.min.css]
[www.tmax.co.kr/29ef3ea9.min.css]
[www.tmax.co.kr/8a33f286.min.css]
[www.tmax.co.kr/a1e4335b.min.css]
[www.tmax.co.kr/6df35c38.min.css]
[www.tmax.co.kr/b8760986.min.css]
[www.tmax.co.kr/37bd0eeb.min.css]
[www.tmax.co.kr/8d04f72e.min.css]
[www.tmax.co.kr/84c587cd.min.css]
[www.tmax.co.kr/23e436be.min.css]
[www.tmax.co.kr/41f1fa78.min.css]
[www.tmax.co.kr/3e581339.min.css]
[www.tmax.co.kr/a2f0f523.min.css]
[www.tmax.co.kr/86aca973.min.css]
[www.tmax.co.kr/7c1692b1.min.css]
[www.tmax.co.kr/8005d5c1.min.css]
[www.tmax.co.kr/0e20a470.min.css]
[www.tmax.co.kr/c9b5bd15.min.css]
[www.tmax.co.kr/8c688a9d.min.css]
[www.tmax.co.kr/6b1e299b.min.css]
[www.tmax.co.kr/11d68990.min.css]
[www.tmax.co.kr/3f166307.min.css]
[www.tmax.co.kr/1355ec40.min.css]
[www.tmax.co.kr/48220e7a.min.css]
[www.tmax.co.kr/eca71e40.min.css]
[www.tmax.co.kr/024f5250.min.css]
[www.tmax.co.kr/54e8ad37.min.css]
[www.tmax.co.kr/c79634ce.min.css]
[www.tmax.co.kr/036d1c2c.min.css]
[www.tmax.co.kr/04c30725.min.css]
[www.tmax.co.kr/685dda1c.min.css]
[www.tmax.co.kr/70558d9b.min.css]
[www.tmax.co.kr/b43bc41a.min.css]
[www.tmax.co.kr/aff3efe3.min.css]
[www.tmax.co.kr/44306cc3.min.css]
[www.tmax.co.kr/f08a1c03.min.css]
[www.tmax.co.kr/6818c64c.min.css]
[www.tmax.co.kr/4fa4a352.min.css]
[www.tmax.co.kr/97d7cd97.min.css]
[www.tmax.co.kr/a1e76019.min.css]
[www.tmax.co.kr/b4bc6361.min.css]
[www.tmax.co.kr/9eed3e82.min.css]
[www.tmax.co.kr/ce776e38.min.css]
[www.tmax.co.kr/4a43b954.min.css]
[www.tmax.co.kr/799d016a.min.css]
[www.tmax.co.kr/c434348a.min.css]
[www.tmax.co.kr/4038e1e2.min.css]
[www.tmax.co.kr/c24f5e69.min.css]
[www.tmax.co.kr/8ab00128.min.css]
[www.tmax.co.kr/45eee88d.min.css]
[www.tmax.co.kr/7df86004.min.css]
[www.tmax.co.kr/145b5660.min.css]
[www.tmax.co.kr/3e624017.min.css]
[www.tmax.co.kr/eb810a4a.min.css]
[www.tmax.co.kr/81ed76c3.min.css]
[www.tmax.co.kr/d1f9c7e6.min.css]
[www.tmax.co.kr/34377b4a.min.css]
[www.tmax.co.kr/fcdab481.min.css]
[www.tmax.co.kr/b0da3a19.min.css]
[www.tmax.co.kr/70e8afa8.min.css]
[www.tmax.co.kr/9c39b1d1.min.css]
[www.tmax.co.kr/59f9faa0.min.css]
[www.tmax.co.kr/b92ba9ff.min.css]
[www.tmax.co.kr/91e61dab.min.css]
[www.tmax.co.kr/41f245d4.min.css]
[www.tmax.co.kr/e24e08e7.min.css]
[www.tmax.co.kr/2366b4ac.min.css]
[www.tmax.co.kr/234a3248.min.css]
[www.tmax.co.kr/13eb5276.min.css]
[www.tmax.co.kr/2978359e.min.css]
[www.tmax.co.kr/4b1f6567.min.css]
[www.tmax.co.kr/4e6fba8d.min.css]
[www.tmax.co.kr/883064bf.min.css]
[www.tmax.co.kr/55fd4990.min.css]
[www.tmax.co.kr/882dfccd.min.css]
[www.tmax.co.kr/70efe3c5.min.css]
[www.tmax.co.kr/6d011635.min.css]
[www.tmax.co.kr/af38aead.min.css]
[www.tmax.co.kr/39cfb47d.min.css]
[www.tmax.co.kr/1a1f2ab9.min.css]
[www.tmax.co.kr/5ed4e092.min.css]
[www.tmax.co.kr/75512b1a.min.css]
[www.tmax.co.kr/2a38244f.min.css]
[www.tmax.co.kr/837e8139.min.css]
[www.tmax.co.kr/f8ec65c6.min.css]
[www.tmax.co.kr/913e0517.min.css]
[www.tmax.co.kr/2ce475e3.min.css]
[www.tmax.co.kr/96f4b814.min.css]
[www.tmax.co.kr/efcd8729.min.cc.delayed]
[www.tmax.co.kr/0ebb4539.min.css]
[www.tmax.co.kr/c9371416.min.css]
[www.tmax.co.kr/84fca3f0.min.css]
[www.tmax.co.kr/44b60e9d.min.css]
[www.tmax.co.kr/48e483a5.min.css]
[www.tmax.co.kr/100a01ba.min.css]
[www.tmax.co.kr/dba31346.min.css]
[www.tmax.co.kr/5a61fee8.min.css]
[www.tmax.co.kr/6010b816.min.css]
[www.tmax.co.kr/99e9084d.min.css]
[www.tmax.co.kr/39cdb6e7.min.css]
[www.tmax.co.kr/98f5e34d.min.css]
[www.tmax.co.kr/4bd62377.min.css]
[www.tmax.co.kr/f6b4449f.min.css]
[www.tmax.co.kr/692d3cfd.min.css]
[www.tmax.co.kr/dda10bbb.min.css]
[www.tmax.co.kr/826aa068.min.css]
[www.tmax.co.kr/71561e01.min.css]
[www.tmax.co.kr/2aa93db9.min.css]
[www.tmax.co.kr/ac1f0c83.min.css]
[www.tmax.co.kr/3fc3aa14.min.css]
[www.tmax.co.kr/eed9660c.min.css]
[www.tmax.co.kr/e98ddd9c.min.css]
[www.tmax.co.kr/9f54505f.min.css]
[www.tmax.co.kr/82a3c6bd.min.css]
[www.tmax.co.kr/959e5e9e.min.css]
[www.tmax.co.kr/c6933345.min.css]
[www.tmax.co.kr/7ac66a81.min.css]
[www.tmax.co.kr/7f6e9aff.min.css]
[www.tmax.co.kr/7197ceeb.min.css]
[www.tmax.co.kr/4d761874.min.css]
[www.tmax.co.kr/57ee110f.min.css]
[www.tmax.co.kr/723e4fed.min.css]
[www.tmax.co.kr/7d0d5475.min.css]
[www.tmax.co.kr/d9e9ecf4.min.css]
[www.tmax.co.kr/4d71157d.min.css]
[www.tmax.co.kr/30611ad6.min.css]
[www.tmax.co.kr/3107aee2.min.css]
[www.tmax.co.kr/add763df.min.css]
[www.tmax.co.kr/20a005d9.min.css]
[www.tmax.co.kr/f12c724d.min.css]
[www.tmax.co.kr/b240b5cd.min.css]
[www.tmax.co.kr/9d437fe6.min.css]
[www.tmax.co.kr/c79506ef.min.css]
[www.tmax.co.kr/2683b280.min.css]
[www.tmax.co.kr/e356d735.min.css]
[www.tmax.co.kr/1fef0d1f.min.css]
[www.tmax.co.kr/4e9ee1a3.min.css]
[www.tmax.co.kr/8845e14b.min.css]
[www.tmax.co.kr/a7d5ac4b.min.css]
[www.tmax.co.kr/015a530e.min.css]
[www.tmax.co.kr/b6e3e82f.min.css]
[www.tmax.co.kr/731d5bce.min.css]
[www.tmax.co.kr/c61ac2b6.min.css]
[www.tmax.co.kr/c9d89f77.min.css]
[www.tmax.co.kr/77753e29.min.css]
[www.tmax.co.kr/2a3ba4df.min.css]
[www.tmax.co.kr/1150efce.min.css]
[www.tmax.co.kr/dbfd66d7.min.css]
[www.tmax.co.kr/e1813de1.min.css]
[www.tmax.co.kr/34b72cf9.min.css]
[www.tmax.co.kr/5d684912.min.css]
[www.tmax.co.kr/07d43a5b.min.css]
[www.tmax.co.kr/74e60b57.min.css]
[www.tmax.co.kr/71b202df.min.css]
[www.tmax.co.kr/b1140d86.min.css]
[www.tmax.co.kr/cd620fee.min.css]
[www.tmax.co.kr/ed87aa35.min.css]
[www.tmax.co.kr/f0dc1b0d.min.css]
[www.tmax.co.kr/a5995c4f.min.css]
[www.tmax.co.kr/8df597f4.min.css]
[www.tmax.co.kr/28856597.min.css]
[www.tmax.co.kr/5d8342a8.min.css]
[www.tmax.co.kr/2ebba997.min.css]
[www.tmax.co.kr/752ed7c6.min.css]
[www.tmax.co.kr/ecd167d2.min.css]
[www.tmax.co.kr/c64b57c8.min.css]
[www.tmax.co.kr/27565bf7.min.css]
[www.tmax.co.kr/426f7bc5.min.css]
[www.tmax.co.kr/f605a452.min.css]
[www.tmax.co.kr/38f9ee39.min.css]
[www.tmax.co.kr/90ab4450.min.css]
[www.tmax.co.kr/da15e916.min.css]
[www.tmax.co.kr/8a50d1c3.min.css]
[www.tmax.co.kr/912c5006.min.css]
[www.tmax.co.kr/60bf524a.min.css]
[www.tmax.co.kr/696515ba.min.css]
[www.tmax.co.kr/7400328c.chunk.min.js]
[www.tmax.co.kr/1e80f5bb.chunk.min.js]
[www.tmax.co.kr/a9e1f2a6.chunk.min.js]
[www.tmax.co.kr/82443d0c.chunk.min.js]
[www.tmax.co.kr/rb_wixui.thunderbolt_bootstrap-classic.3bbb949c.chunk.min.js]
[www.tmax.co.kr/rb_wixui.thunderbolt_common-site-members-dialogs.63305b9e.chunk.min.css]
[www.tmax.co.kr/rb_wixui.thunderbolt_common-site-members-dialogs.82443d0c.chunk.min.js]
[www.tmax.co.kr/rb_wixui.thunderbolt_bootstrap-responsive.a66c1914.chunk.min.css]
[www.tmax.co.kr/rb_wixui.thunderbolt_bootstrap-responsive.a9e1f2a6.chunk.min.js]
[www.tmax.co.kr/rb_wixui.thunderbolt_bootstrap.d2bc8922.chunk.min.css]
[www.tmax.co.kr/rb_wixui.thunderbolt_bootstrap.7400328c.chunk.min.js]
[www.tmax.co.kr/rb_wixui.corvid_core.1c78e86d.chunk.min.js]
[www.tmax.co.kr/rb_wixui.thunderbolt_mobile.3ea9ad42.chunk.min.130.delayed]
[www.tmax.co.kr/decodeURIComponent(e]
[www.tmax.co.kr/feed.xml]
[static.parastorage.com/services/third-party/fonts/Helvetica/Fonts/07fe0fec-b63f-4963-8ee1-535528b67fdb.eot]
[fonts.gstatic.com/s/montserrat/v14/JTUQjIg1_i6t8kCHKm459WxRxC7m0dR9pBOi.woff2]
[browser.sentry-cdn.com/5.21.4/bundle.min.js]
[static.parastorage.com/services/wix-thunderbolt/dist/main.1e3e7d10.bundle.min.js]
[static.parastorage.com/services/wix-thunderbolt/dist/bootstrap-features.a0fc6efa.bundle.min.js]
[static.parastorage.com/unpkg/lodash@4.17.21/lodash.min.js]
[static.parastorage.com/unpkg/react@16.13.1/umd/react.production.min.js]
[static.parastorage.com/services/wix-code-platform/1.964.0/wixCodeNamespacesAndElementorySupport.min.js]
[static.parastorage.com/services/third-party/fonts/user-site-fonts/fonts/open-source/opensans-regular-webfont.eot]
[www.tmax.co.kr/version/index.html]
[static.parastorage.com/services/third-party/fonts/user-site-fonts/fonts/open-source/opensans-regular-webfont.ttf]
[static.parastorage.com/services/tag-manager-client/1.427.0/siteTags.bundle.min.js]
[static.parastorage.com/services/third-party/fonts/user-site-fonts/fonts/open-source/opensans-regular-webfont.woff]
[static.parastorage.com/services/third-party/fonts/user-site-fonts/fonts/open-source/opensans-bold-webfont.eot]
[static.parastorage.com/services/wix-perf-measure/1.551.0/wix-perf-measure.bundle.min.js]
[app.bannersnack.com/public/bswix1a93.js]
[fonts.gstatic.com/s/montserrat/v14/JTUQjIg1_i6t8kCHKm459WxRzS7m0dR9pBOi.woff2]
[static.parastorage.com/services/third-party/fonts/user-site-fonts/fonts/open-source/opensans-bold-webfontd41d.eot]
[fonts.gstatic.com/s/montserrat/v14/JTUQjIg1_i6t8kCHKm459WxRxi7m0dR9pBOi.woff2]
[static.parastorage.com/services/third-party/fonts/user-site-fonts/fonts/open-source/opensans-bold-webfont.woff]
[static.parastorage.com/services/third-party/fonts/user-site-fonts/fonts/open-source/opensans-bold-webfont.ttf]
[fonts.gstatic.com/s/montserrat/v14/JTUQjIg1_i6t8kCHKm459WxRxy7m0dR9pBOi.woff2]
[fonts.gstatic.com/s/montserrat/v14/JTUQjIg1_i6t8kCHKm459WxRyS7m0dR9pA.woff2]
[fonts.gstatic.com/s/montserrat/v14/JTUPjIg1_i6t8kCHKm459WxZcgvz8fZwjimrq1Q_.woff2]
[fonts.gstatic.com/s/montserrat/v14/JTUPjIg1_i6t8kCHKm459WxZcgvz-PZwjimrq1Q_.woff2]
[static.parastorage.com/services/third-party/fonts/user-site-fonts/fonts/open-source/opensans-italic-webfont.eot]
[fonts.gstatic.com/s/montserrat/v14/JTUPjIg1_i6t8kCHKm459WxZcgvz8_Zwjimrq1Q_.woff2]
[static.parastorage.com/services/third-party/fonts/user-site-fonts/fonts/open-source/opensans-italic-webfont.woff]
[fonts.gstatic.com/s/montserrat/v14/JTUPjIg1_i6t8kCHKm459WxZcgvz8vZwjimrq1Q_.woff2]
[static.parastorage.com/services/third-party/fonts/user-site-fonts/fonts/open-source/opensans-italic-webfont.16e.delayed]
[www.tmax.co.kr/sitemap.xml]
[fonts.gstatic.com/s/montserrat/v14/JTUPjIg1_i6t8kCHKm459WxZcgvz_PZwjimrqw.woff2]
[static.parastorage.com/services/third-party/fonts/user-site-fonts/fonts/open-source/opensans-bolditalic-webfont.eot]
[fonts.gstatic.com/s/montserrat/v14/JTUSjIg1_i6t8kCHKm459WRhyyTh89ZNpQ.woff2]
[fonts.gstatic.com/s/montserrat/v14/JTUSjIg1_i6t8kCHKm459WZhyyTh89ZNpQ.woff2]
[fonts.gstatic.com/s/montserrat/v14/JTUSjIg1_i6t8kCHKm459W1hyyTh89ZNpQ.woff2]
[static.parastorage.com/services/third-party/fonts/user-site-fonts/fonts/open-source/opensans-bolditalic-webfontd41d.eot]
[fonts.gstatic.com/s/montserrat/v14/JTUSjIg1_i6t8kCHKm459WdhyyTh89ZNpQ.woff2]
[fonts.gstatic.com/s/montserrat/v14/JTUSjIg1_i6t8kCHKm459WlhyyTh89Y.woff2]
[static.parastorage.com/services/third-party/fonts/user-site-fonts/fonts/3e0b2cd7-9657-438b-b4af-e04122e8f1f7d41d.eot]
[static.parastorage.com/services/third-party/fonts/user-site-fonts/fonts/bc176270-17fa-4c78-a343-9fe52824e501.woff]
[static.parastorage.com/services/third-party/fonts/user-site-fonts/fonts/open-source/opensans-bolditalic-webfont.ttf]
[static.parastorage.com/services/third-party/fonts/user-site-fonts/fonts/3516f91d-ac48-42cd-acfe-1be691152cc4.ttf]
[fonts.gstatic.com/s/montserrat/v14/JTURjIg1_i6t8kCHKm45_dJE3gTD_vx3rCubqg.woff2]
[static.parastorage.com/services/third-party/fonts/user-site-fonts/fonts/48e5a0e1-2d56-46e5-8fc4-3d6d5c973cbfd41d.eot]
[fonts.gstatic.com/s/roboto/v18/97uahxiqZRoncBaCEI3aW_Y6323mHUZFJMgTvxaG2iE.175d41d.delayed]
[static.parastorage.com/services/third-party/fonts/user-site-fonts/fonts/07d62b21-8d7a-4c36-be86-d32ab1089972.woff]
[static.parastorage.com/services/third-party/fonts/user-site-fonts/fonts/c0050890-bbed-44b9-94df-2611d72dbb06.ttf]
[fonts.gstatic.com/s/roboto/v18/97uahxiqZRoncBaCEI3aW1tXRa8TVwTICgirnJhmVJw.woff2]
[fonts.gstatic.com/s/roboto/v18/97uahxiqZRoncBaCEI3aWz8E0i7KZn-EPnyo3HZu7kw.woff]
[static.parastorage.com/services/third-party/fonts/user-site-fonts/fonts/3d009cd7-c8fe-40c0-93da-74f4ea8c530bd41d.eot]
[fonts.gstatic.com/s/roboto/v18/97uahxiqZRoncBaCEI3aW6CWcynf_cDxXwCLxiixG1c.ttf]
[static.parastorage.com/services/third-party/fonts/user-site-fonts/fonts/open-source/opensans-bolditalic-webfont.woff]
[static.parastorage.com/services/third-party/fonts/user-site-fonts/fonts/a9e95a29-98a7-404a-90ee-1929ad09c696.woff]
[fonts.gstatic.com/s/montserrat/v14/JTURjIg1_i6t8kCHKm45_dJE3g3D_vx3rCubqg.woff2]
[static.parastorage.com/services/third-party/fonts/user-site-fonts/fonts/0a7663fd-eae8-4e50-a67a-225271f8cceb.ttf]
[static.parastorage.com/services/third-party/fonts/user-site-fonts/fonts/edefe737-dc78-4aa3-ad03-3c6f908330edd41d.eot]
[static.parastorage.com/services/third-party/fonts/user-site-fonts/fonts/0078f486-8e52-42c0-ad81-3c8d3d43f48e.woff2]
[static.parastorage.com/services/third-party/fonts/user-site-fonts/fonts/908c4810-64db-4b46-bb8e-823eb41f68c0.woff]
[fonts.gstatic.com/l/font.svg_; filename_=UTF-8''font457d.svg]
[static.parastorage.com/services/third-party/fonts/user-site-fonts/fonts/4577388c-510f-4366-addb-8b663bcc762a.ttf]
[fonts.gstatic.com/s/roboto/v18/9_7S_tWeGDh5Pq3u05RVkvY6323mHUZFJMgTvxaG2iEd41d.eot]
[fonts.gstatic.com/s/montserrat/v14/JTURjIg1_i6t8kCHKm45_dJE3gbD_vx3rCubqg.woff2]
[static.parastorage.com/services/third-party/fonts/user-site-fonts/fonts/open-source/nanum-gothic-regulard41d.eot]
[fonts.gstatic.com/s/roboto/v18/9_7S_tWeGDh5Pq3u05RVkltXRa8TVwTICgirnJhmVJw.woff2]
[fonts.gstatic.com/s/montserrat/v14/JTURjIg1_i6t8kCHKm45_dJE3gfD_vx3rCubqg.woff2]
[static.parastorage.com/services/third-party/fonts/user-site-fonts/fonts/open-source/nanum-gothic-regular.woff]
[fonts.gstatic.com/s/roboto/v18/9_7S_tWeGDh5Pq3u05RVkj8E0i7KZn-EPnyo3HZu7kw.woff]
[static.parastorage.com/services/third-party/fonts/user-site-fonts/fonts/open-source/nanum-gothic-regular.ttf]
[fonts.gstatic.com/s/montserrat/v14/JTURjIg1_i6t8kCHKm45_dJE3gnD_vx3rCs.woff2]
[fonts.gstatic.com/s/roboto/v18/9_7S_tWeGDh5Pq3u05RVkqCWcynf_cDxXwCLxiixG1c.ttf]
[static.parastorage.com/services/third-party/fonts/user-site-fonts/fonts/cf053eae-ba1f-44f3-940c-a34b68ccbbdfd41d.eot]
[static.parastorage.com/services/third-party/fonts/user-site-fonts/fonts/8bf38806-3423-4080-b38f-d08542f7e4ac.woff2]
[static.parastorage.com/services/third-party/fonts/user-site-fonts/fonts/e2b9cbeb-fa8e-41cd-8a6a-46044b29ba52.woff]
[static.parastorage.com/services/third-party/fonts/user-site-fonts/fonts/c2a69697-4f06-4764-abd4-625031a84e31.ttf]
[static.parastorage.com/services/third-party/fonts/user-site-fonts/fonts/ea95b44a-eab7-4bd1-861c-e73535e7f652d41d.eot]
[fonts.gstatic.com/l/font.svg_; filename_=UTF-8''font2d4d.svg]
[static.parastorage.com/services/third-party/fonts/user-site-fonts/fonts/4021a3b9-f782-438b-aeb4-c008109a8b64.woff]
[fonts.gstatic.com/s/roboto/v18/t6Nd4cfPRhZP44Q5QAjcC-ZiE7IA0Up7-VwGqa0iGVYd41d.eot]
[static.parastorage.com/services/third-party/fonts/user-site-fonts/fonts/669f79ed-002c-4ff6-965c-9da453968504.ttf]
[fonts.gstatic.com/s/roboto/v18/t6Nd4cfPRhZP44Q5QAjcC6g5eI2G47JWe0-AuFtD150.woff2]
[static.parastorage.com/services/third-party/fonts/user-site-fonts/fonts/e4bd4516-4480-43df-aa6e-4e9b9029f53ed41d.eot]
[fonts.gstatic.com/s/roboto/v18/t6Nd4cfPRhZP44Q5QAjcC9Ih4imgI8P11RFo6YPCPC0.woff]
[static.parastorage.com/services/third-party/fonts/user-site-fonts/fonts/b56b944e-bbe0-4450-a241-de2125d3e682.woff]
[static.parastorage.com/services/third-party/fonts/user-site-fonts/fonts/7da02f05-ae8b-43a1-aeb9-83b3c0527c06.ttf]
[fonts.gstatic.com/s/roboto/v18/t6Nd4cfPRhZP44Q5QAjcC102b4v3fUxqf9CZJ1qUoIA.ttf]
[static.parastorage.com/services/third-party/fonts/user-site-fonts/fonts/686a6a06-e711-4bd2-b393-8504a497bb3cd41d.eot]
[static.parastorage.com/services/third-party/fonts/user-site-fonts/fonts/6f8d1983-4d34-4fa4-9110-988f6c495757.woff]
[static.parastorage.com/services/third-party/fonts/user-site-fonts/fonts/7903ee3f-e9ab-4bdc-b7d2-d232de2da580.ttf]
[fonts.gstatic.com/l/font.svg_; filename_=UTF-8''font048b.svg]
[fonts.gstatic.com/s/worksans/v3/z9rX03Xuz9ZNHTMg1_ghGalSqKUsDpiXlwfj-ZM2w_Ad41d.eot]
[fonts.gstatic.com/s/roboto/v18/bmC0pGMXrhphrZJmniIZpeZiE7IA0Up7-VwGqa0iGVYd41d.eot]
[fonts.gstatic.com/s/worksans/v3/z9rX03Xuz9ZNHTMg1_ghGRUOjZSKWg4xBWp_C_qQx0o.woff2]
[fonts.gstatic.com/s/roboto/v18/bmC0pGMXrhphrZJmniIZpag5eI2G47JWe0-AuFtD150.woff2]
[fonts.gstatic.com/s/roboto/v18/bmC0pGMXrhphrZJmniIZpdIh4imgI8P11RFo6YPCPC0.woff]
[fonts.gstatic.com/s/worksans/v3/z9rX03Xuz9ZNHTMg1_ghGRa1RVmPjeKy21_GQJaLlJI.woff]
[fonts.gstatic.com/s/roboto/v18/bmC0pGMXrhphrZJmniIZpV02b4v3fUxqf9CZJ1qUoIA.ttf]
[fonts.gstatic.com/s/worksans/v3/z9rX03Xuz9ZNHTMg1_ghGdqQynqKV_9Plp7mupa0S4g.ttf]
[fonts.gstatic.com/s/worksans/v3/4udXuXg54JlPEP5iKO5AmalSqKUsDpiXlwfj-ZM2w_Ad41d.eot]
[fonts.gstatic.com/s/worksans/v3/4udXuXg54JlPEP5iKO5AmRUOjZSKWg4xBWp_C_qQx0o.woff2]
[fonts.gstatic.com/s/worksans/v3/4udXuXg54JlPEP5iKO5AmRa1RVmPjeKy21_GQJaLlJI.woff]
[fonts.gstatic.com/s/worksans/v3/4udXuXg54JlPEP5iKO5AmdqQynqKV_9Plp7mupa0S4g.ttf]
[fonts.gstatic.com/l/font.svg_; filename_=UTF-8''font6e11.svg]
[fonts.gstatic.com/s/roboto/v20/KFOkCnqEu92Fr1Mu51xFIzIXKMnyrYk.woff2]
[fonts.gstatic.com/s/roboto/v20/KFOkCnqEu92Fr1Mu51xMIzIXKMnyrYk.woff2]
[fonts.gstatic.com/s/roboto/v20/KFOkCnqEu92Fr1Mu51xEIzIXKMnyrYk.woff2]
[fonts.gstatic.com/s/roboto/v20/KFOkCnqEu92Fr1Mu51xLIzIXKMnyrYk.woff2]
[fonts.gstatic.com/s/roboto/v20/KFOkCnqEu92Fr1Mu51xHIzIXKMnyrYk.woff2]
[static.parastorage.com/services/third-party/fonts/user-site-fonts/fonts/open-source/opensans-regular-webfontd41d.eot]
[fonts.gstatic.com/s/roboto/v20/KFOkCnqEu92Fr1Mu51xGIzIXKMnyrYk.woff2]
[static.parastorage.com/services/third-party/fonts/user-site-fonts/fonts/open-source/opensans-italic-webfontd41d.eot]
[fonts.gstatic.com/s/roboto/v20/KFOkCnqEu92Fr1Mu51xIIzIXKMny.woff2]
[fonts.gstatic.com/s/roboto/v20/KFOjCnqEu92Fr1Mu51TzBic3CsTYl4BOQ3o.woff2]
[fonts.gstatic.com/s/roboto/v20/KFOjCnqEu92Fr1Mu51TzBic-CsTYl4BOQ3o.woff2]
[fonts.gstatic.com/s/roboto/v20/KFOjCnqEu92Fr1Mu51TzBic2CsTYl4BOQ3o.woff2]
[fonts.gstatic.com/s/worksans/v5/QGYsz_wNahGAdqQ43Rh_cqDptfpA4cD3.woff2]
[fonts.gstatic.com/s/roboto/v20/KFOjCnqEu92Fr1Mu51TzBic5CsTYl4BOQ3o.woff2]
[fonts.gstatic.com/s/worksans/v5/QGYsz_wNahGAdqQ43Rh_fKDptfpA4Q.woff2]
[fonts.gstatic.com/s/roboto/v20/KFOjCnqEu92Fr1Mu51TzBic1CsTYl4BOQ3o.woff2]
[fonts.gstatic.com/s/roboto/v20/KFOjCnqEu92Fr1Mu51TzBic0CsTYl4BOQ3o.woff2]
[fonts.gstatic.com/s/worksans/v5/QGYpz_wNahGAdqQ43Rh3x4X8lthNy_r-K7mV.woff2]
[fonts.gstatic.com/s/roboto/v20/KFOjCnqEu92Fr1Mu51TzBic6CsTYl4BO.woff2]
[fonts.gstatic.com/s/roboto/v20/KFOmCnqEu92Fr1Mu72xKKTU1Kvnz.woff2]
[fonts.gstatic.com/s/roboto/v20/KFOmCnqEu92Fr1Mu5mxKKTU1Kvnz.woff2]
[fonts.gstatic.com/s/worksans/v5/QGYpz_wNahGAdqQ43Rh3x4X8mNhNy_r-Kw.woff2]
[fonts.gstatic.com/s/roboto/v20/KFOmCnqEu92Fr1Mu7mxKKTU1Kvnz.woff2]
[fonts.gstatic.com/s/roboto/v20/KFOmCnqEu92Fr1Mu4WxKKTU1Kvnz.woff2]
[fonts.gstatic.com/s/roboto/v20/KFOmCnqEu92Fr1Mu7WxKKTU1Kvnz.woff2]
[fonts.gstatic.com/s/roboto/v20/KFOmCnqEu92Fr1Mu7GxKKTU1Kvnz.woff2]
[fonts.gstatic.com/s/roboto/v20/KFOmCnqEu92Fr1Mu4mxKKTU1Kg.woff2]
[fonts.gstatic.com/s/roboto/v20/KFOlCnqEu92Fr1MmWUlfCRc4AMP6lbBP.woff2]
[fonts.gstatic.com/s/roboto/v20/KFOlCnqEu92Fr1MmWUlfABc4AMP6lbBP.woff2]
[fonts.gstatic.com/s/roboto/v20/KFOlCnqEu92Fr1MmWUlfCBc4AMP6lbBP.woff2]
[fonts.gstatic.com/s/roboto/v20/KFOlCnqEu92Fr1MmWUlfBxc4AMP6lbBP.woff2]
[fonts.gstatic.com/s/roboto/v20/KFOlCnqEu92Fr1MmWUlfCxc4AMP6lbBP.woff2]
[fonts.gstatic.com/s/roboto/v20/KFOlCnqEu92Fr1MmWUlfChc4AMP6lbBP.woff2]
[fonts.gstatic.com/s/roboto/v20/KFOlCnqEu92Fr1MmWUlfBBc4AMP6lQ.woff2]
[static.wixstatic.com/media/adcb2b_9b3731fe171643099bd4ba2c600a8781_mv2.png/v1/fill/w_148,h_51,al_c,usm_0.66_1.00_0.01,blur_3/logo.png]
[www.tmax.co.kr/tmaxcloud-back.jpg]
[static.wixstatic.com/media/adcb2b_ad9f50e0a80f4f8bb676f98cfd4e7df2_mv2.jpg/v1/crop/x_0,y_624,w_4354,h_988/fill/w_476,h_108,al_c,q_80,usm_0.66_1.00_0.01,blur_2/tmaxcloud-back.jpg]
[static.wixstatic.com/media/adcb2b_b52709c590434606b0b0548f48cdfa7a_mv2.jpg/v1/fill/w_155,h_142,al_c,q_80,usm_0.66_1.00_0.01,blur_2/사장님 이미지클라우드.jpg]
[static.wixstatic.com/media/adcb2b_8ac56ba1e4234519844003048318d03a_mv2.jpg/v1/fill/w_114,h_114,al_c,q_80,usm_0.66_1.00_0.01,blur_3/아이콘1.jpg]
[static.wixstatic.com/media/adcb2b_87a7690d270441edb71a17395f98dde6_mv2.jpg/v1/fill/w_114,h_114,al_c,q_80,usm_0.66_1.00_0.01,blur_3/developer.jpg]
[static.wixstatic.com/media/adcb2b_3c1a2253a8234a6b8e1cbd06af182f51_mv2.jpg/v1/fill/w_114,h_114,al_c,q_80,usm_0.66_1.00_0.01,blur_3/사업분야.jpg]
[www.tmax.co.kr/prolinux.html]
[www.tmax.co.kr/proli.jpg]
[static.wixstatic.com/media/adcb2b_88fb8a0fb25643669f18fc463664f5e1_mv2.jpg/v1/crop/x_140,y_472,w_1453,h_571/fill/w_115,h_45,al_c,q_80,usm_0.66_1.00_0.01,blur_3/proli.jpg]
[www.tmax.co.kr/hypercloud.html]
[www.tmax.co.kr/hypercloud.jpg]
[static.wixstatic.com/media/adcb2b_7f0d20acb1864927ac34242f1ea6be30_mv2.jpg/v1/crop/x_265,y_513,w_1184,h_433/fill/w_123,h_45,al_c,q_80,usm_0.66_1.00_0.01,blur_3/hypercloud.jpg]
[static.wixstatic.com/media/adcb2b_6388f32955ba4f3cb726b6e20167a82a_mv2.jpg/v1/fill/w_155,h_38,al_c,q_80,usm_0.66_1.00_0.01,blur_3/삼성전기Artboard 2.jpg]
[static.wixstatic.com/media/adcb2b_acc3fb77c3b3493293c2e9a947860d6a_mv2.jpg/v1/fill/w_154,h_38,al_c,q_80,usm_0.66_1.00_0.01,blur_3/신한은행.jpg]
[static.wixstatic.com/media/adcb2b_1dc99f83af444f59a81016a39e8aa4b2_mv2.jpg/v1/fill/w_155,h_38,al_c,q_80,usm_0.66_1.00_0.01,blur_3/소방청 로고Artboard 2.jpg]
[static.wixstatic.com/media/adcb2b_d905a9b3f4ff40d78b1c899a601f2c3a_mv2.png/v1/fill/w_94,h_56,al_c,usm_0.66_1.00_0.01,blur_2/adcb2b_d905a9b3f4ff40d78b1c899a601f2c3a_mv2.png]
[static.wixstatic.com/media/adcb2b_0cce6392a9a94af5b203ab9d4e5ffccd_mv2.jpg/v1/fill/w_94,h_54,al_c,q_80,usm_0.66_1.00_0.01,blur_2/adcb2b_0cce6392a9a94af5b203ab9d4e5ffccd_mv2.jpg]
[www.ccdailynews.com/news/articleView8160.html]
[static.wixstatic.com/media/adcb2b_6acdb885bf744458bf152ab5854621cd_mv2.jpg/v1/fill/w_90,h_90,al_c,q_80,usm_0.66_1.00_0.01,blur_2/adcb2b_6acdb885bf744458bf152ab5854621cd_mv2.jpg]
[www.etnews.com/20210429000274.1d3.delayed]
[www.facebook.com/unsupportedbrowser.html]
[tivine.co.kr/index.html]
[www.tmaxsoft.com/index.html]
[blog.naver.com/wapl_ai.html]
[www.tmax.co.kr/logo.png]
[www.tmax.co.kr/tmaxcloud.html]
[static.wixstatic.com/media/adcb2b_9b3731fe171643099bd4ba2c600a8781_mv2.png/v1/crop/x_0,y_21,w_835,h_267/fill/w_120,h_38,al_c,usm_0.66_1.00_0.01,blur_3/logo.png]
[www.youtube.com/channel/UCSL_WpbQKwxFZpdMSqRaRTg.html]
[static.parastorage.com/services/wix-thunderbolt/dist/index.html]
[www.tmax.co.kr/47b73115.min.html]
[www.tmax.co.kr/1a3ca2ee.min.html]
[www.tmax.co.kr/16e44c05.min.html]
[www.tmax.co.kr/6ac53ab7.min.html]
[www.tmax.co.kr/02595569.min.html]
[www.tmax.co.kr/e5861f41.min.html]
[www.tmax.co.kr/c53e42d7.min.html]
[www.tmax.co.kr/da6c52cb.min.html]
[www.tmax.co.kr/3d2759f7.min.html]
[www.tmax.co.kr/960c3a88.min.html]
[www.tmax.co.kr/390543ac.min.html]
[www.tmax.co.kr/15b8d937.min.html]
[www.tmax.co.kr/f36661fb.min.html]
[www.tmax.co.kr/aa613bd1.min.html]
[www.tmax.co.kr/395efea1.min.html]
[www.tmax.co.kr/6daaad8b.min.html]
[www.tmax.co.kr/bf91693c.min.html]
[www.tmax.co.kr/b4ae8803.min.html]
[www.tmax.co.kr/62ccedec.min.html]
[www.tmax.co.kr/ae08c227.min.html]
[www.tmax.co.kr/11f27093.min.html]
[www.tmax.co.kr/9b155e90.min.html]
[www.tmax.co.kr/4ec2545d.min.html]
[www.tmax.co.kr/1bbe301d.min.html]
[www.tmax.co.kr/e78a13b3.min.html]
[www.tmax.co.kr/b604fd33.min.html]
[www.tmax.co.kr/48c6d58d.min.html]
[www.tmax.co.kr/439c90c8.min.html]
[www.tmax.co.kr/cd69f57c.min.html]
[www.tmax.co.kr/bc223d50.min.html]
[www.tmax.co.kr/bc2466c0.min.html]
[www.tmax.co.kr/5d7b6bbf.min.html]
[www.tmax.co.kr/3fdab364.min.html]
[www.tmax.co.kr/20d93486.min.html]
[www.tmax.co.kr/9692b4a8.min.html]
[www.tmax.co.kr/914012ea.min.html]
[www.tmax.co.kr/ffa0eb8f.min.html]
[www.tmax.co.kr/fe8be6d6.min.html]
[www.tmax.co.kr/a28cca36.min.html]
[www.tmax.co.kr/02b07b80.min.html]
[www.tmax.co.kr/265e9a4a.min.html]
[www.tmax.co.kr/ff342417.min.html]
[www.tmax.co.kr/2a1582d7.min.html]
[www.tmax.co.kr/eb321d93.min.html]
[www.tmax.co.kr/06cfef68.min.html]
[www.tmax.co.kr/49a18e23.min.html]
[www.tmax.co.kr/2467b183.min.html]
[www.tmax.co.kr/f9fd7cbe.min.html]
[www.tmax.co.kr/e142d0f4.min.html]
[www.tmax.co.kr/96a73741.min.html]
[www.tmax.co.kr/4c758e80.min.html]
[www.tmax.co.kr/44b62fdc.min.html]
[www.tmax.co.kr/7f8c7c3e.min.html]
[www.tmax.co.kr/fbbc0ea4.min.html]
[www.tmax.co.kr/5d29307d.min.html]
[www.tmax.co.kr/85af43ab.min.html]
[www.tmax.co.kr/7010eb60.min.html]
[www.tmax.co.kr/566bec70.min.html]
[www.tmax.co.kr/fc40122e.min.html]
[www.tmax.co.kr/45242c23.min.html]
[www.tmax.co.kr/0efca64c.min.html]
[www.tmax.co.kr/42ccdc69.min.html]
[www.tmax.co.kr/4ea3b970.min.html]
[www.tmax.co.kr/0ee85551.min.html]
[www.tmax.co.kr/085f85ee.min.html]
[www.tmax.co.kr/fc21aae5.min.html]
[www.tmax.co.kr/641eb53d.min.html]
[www.tmax.co.kr/cabcae51.min.html]
[www.tmax.co.kr/b66c178d.min.html]
[www.tmax.co.kr/c7fdedca.min.html]
[www.tmax.co.kr/ce9dcea4.min.html]
[www.tmax.co.kr/bc497b45.min.html]
[www.tmax.co.kr/2acb415c.min.html]
[www.tmax.co.kr/7d6cd51b.min.html]
[www.tmax.co.kr/16e57088.min.html]
[www.tmax.co.kr/0a1c073a.min.html]
[www.tmax.co.kr/1ac8fc0f.min.html]
[www.tmax.co.kr/e5d84163.min.html]
[www.tmax.co.kr/d5f023bb.min.html]
[www.tmax.co.kr/d820de38.min.html]
[www.tmax.co.kr/012dc85e.min.html]
[www.tmax.co.kr/9d29a199.min.html]
[www.tmax.co.kr/381ee71b.min.html]
[www.tmax.co.kr/bf413556.min.html]
[www.tmax.co.kr/316080a6.min.html]
[www.tmax.co.kr/51a9742f.min.html]
[www.tmax.co.kr/bf732f1f.min.html]
[www.tmax.co.kr/99f4b3eb.min.html]
[www.tmax.co.kr/a545d558.min.html]
[www.tmax.co.kr/2dbd3d0a.min.html]
[www.tmax.co.kr/5346ce3f.min.html]
[www.tmax.co.kr/f658a9c4.min.html]
[www.tmax.co.kr/7c9ceb1e.min.html]
[www.tmax.co.kr/aa72298b.min.html]
[www.tmax.co.kr/6ea2cb1c.min.html]
[www.tmax.co.kr/a9c2732c.min.html]
[www.tmax.co.kr/93e61b80.min.html]
[www.tmax.co.kr/4bbd8d4f.min.html]
[www.tmax.co.kr/f4297adc.min.html]
[www.tmax.co.kr/f3af5621.min.html]
[www.tmax.co.kr/23167c06.min.html]
[www.tmax.co.kr/4c919285.min.html]
[www.tmax.co.kr/99e902d9.min.html]
[www.tmax.co.kr/7761d6fc.min.html]
[www.tmax.co.kr/164e68d9.min.html]
[www.tmax.co.kr/40e5d5cf.min.html]
[www.tmax.co.kr/7c602eb2.min.html]
[www.tmax.co.kr/6b4c7217.min.html]
[www.tmax.co.kr/5b26625f.min.html]
[www.tmax.co.kr/2e327647.min.html]
[www.tmax.co.kr/4a6a7fc9.min.html]
[www.tmax.co.kr/f52e40aa.min.html]
[www.tmax.co.kr/29ef3ea9.min.html]
[www.tmax.co.kr/8a33f286.min.html]
[www.tmax.co.kr/a1e4335b.min.html]
[www.tmax.co.kr/6df35c38.min.html]
[www.tmax.co.kr/b8760986.min.html]
[www.tmax.co.kr/37bd0eeb.min.html]
[www.tmax.co.kr/8d04f72e.min.html]
[www.tmax.co.kr/84c587cd.min.html]
[www.tmax.co.kr/23e436be.min.html]
[www.tmax.co.kr/41f1fa78.min.html]
[www.tmax.co.kr/3e581339.min.html]
[www.tmax.co.kr/a2f0f523.min.html]
[www.tmax.co.kr/86aca973.min.html]
[www.tmax.co.kr/7c1692b1.min.html]
[www.tmax.co.kr/8005d5c1.min.html]
[www.tmax.co.kr/0e20a470.min.html]
[www.tmax.co.kr/c9b5bd15.min.html]
[www.tmax.co.kr/8c688a9d.min.html]
[www.tmax.co.kr/6b1e299b.min.html]
[www.tmax.co.kr/11d68990.min.html]
[www.tmax.co.kr/3f166307.min.html]
[www.tmax.co.kr/1355ec40.min.html]
[www.tmax.co.kr/48220e7a.min.html]
[www.tmax.co.kr/eca71e40.min.html]
[www.tmax.co.kr/024f5250.min.html]
[www.tmax.co.kr/54e8ad37.min.html]
[www.tmax.co.kr/c79634ce.min.html]
[www.tmax.co.kr/036d1c2c.min.html]
[www.tmax.co.kr/04c30725.min.html]
[www.tmax.co.kr/685dda1c.min.html]
[www.tmax.co.kr/70558d9b.min.html]
[www.tmax.co.kr/b43bc41a.min.html]
[www.tmax.co.kr/aff3efe3.min.html]
[www.tmax.co.kr/44306cc3.min.html]
[www.tmax.co.kr/f08a1c03.min.html]
[www.tmax.co.kr/6818c64c.min.html]
[www.tmax.co.kr/4fa4a352.min.html]
[www.tmax.co.kr/97d7cd97.min.html]
[www.tmax.co.kr/a1e76019.min.html]
[www.tmax.co.kr/b4bc6361.min.html]
[www.tmax.co.kr/9eed3e82.min.html]
[www.tmax.co.kr/ce776e38.min.html]
[www.tmax.co.kr/4a43b954.min.html]
[www.tmax.co.kr/799d016a.min.html]
[www.tmax.co.kr/c434348a.min.html]
[www.tmax.co.kr/4038e1e2.min.html]
[www.tmax.co.kr/c24f5e69.min.html]
[www.tmax.co.kr/8ab00128.min.html]
[www.tmax.co.kr/45eee88d.min.html]
[www.tmax.co.kr/7df86004.min.html]
[www.tmax.co.kr/145b5660.min.html]
[www.tmax.co.kr/3e624017.min.html]
[www.tmax.co.kr/eb810a4a.min.html]
[www.tmax.co.kr/81ed76c3.min.html]
[www.tmax.co.kr/d1f9c7e6.min.html]
[www.tmax.co.kr/34377b4a.min.html]
[www.tmax.co.kr/fcdab481.min.html]
[www.tmax.co.kr/b0da3a19.min.html]
[www.tmax.co.kr/70e8afa8.min.html]
[www.tmax.co.kr/9c39b1d1.min.html]
[www.tmax.co.kr/59f9faa0.min.html]
[www.tmax.co.kr/b92ba9ff.min.html]
[www.tmax.co.kr/91e61dab.min.html]
[www.tmax.co.kr/41f245d4.min.html]
[www.tmax.co.kr/e24e08e7.min.html]
[www.tmax.co.kr/2366b4ac.min.html]
[www.tmax.co.kr/234a3248.min.html]
[www.tmax.co.kr/13eb5276.min.html]
[www.tmax.co.kr/2978359e.min.html]
[www.tmax.co.kr/4b1f6567.min.html]
[www.tmax.co.kr/4e6fba8d.min.html]
[www.tmax.co.kr/883064bf.min.html]
[www.tmax.co.kr/55fd4990.min.html]
[www.tmax.co.kr/882dfccd.min.html]
[www.tmax.co.kr/70efe3c5.min.html]
[www.tmax.co.kr/6d011635.min.html]
[www.tmax.co.kr/af38aead.min.html]
[www.tmax.co.kr/39cfb47d.min.html]
[www.tmax.co.kr/1a1f2ab9.min.html]
[www.tmax.co.kr/5ed4e092.min.html]
[www.tmax.co.kr/75512b1a.min.html]
[www.tmax.co.kr/2a38244f.min.html]
[www.tmax.co.kr/837e8139.min.html]
[www.tmax.co.kr/f8ec65c6.min.html]
[www.tmax.co.kr/913e0517.min.html]
[www.tmax.co.kr/2ce475e3.min.html]
[www.tmax.co.kr/96f4b814.min.html]
[www.tmax.co.kr/efcd8729.min.html]
[www.tmax.co.kr/0ebb4539.min.html]
[www.tmax.co.kr/c9371416.min.html]
[www.tmax.co.kr/84fca3f0.min.html]
[www.tmax.co.kr/44b60e9d.min.html]
[www.tmax.co.kr/48e483a5.min.html]
[www.tmax.co.kr/100a01ba.min.html]
[www.tmax.co.kr/dba31346.min.html]
[www.tmax.co.kr/5a61fee8.min.html]
[www.tmax.co.kr/6010b816.min.html]
[www.tmax.co.kr/99e9084d.min.html]
[www.tmax.co.kr/39cdb6e7.min.html]
[www.tmax.co.kr/98f5e34d.min.html]
[www.tmax.co.kr/4bd62377.min.html]
[www.tmax.co.kr/f6b4449f.min.html]
[www.tmax.co.kr/692d3cfd.min.html]
[www.tmax.co.kr/dda10bbb.min.html]
[www.tmax.co.kr/826aa068.min.html]
[www.tmax.co.kr/71561e01.min.html]
[www.tmax.co.kr/2aa93db9.min.html]
[www.tmax.co.kr/ac1f0c83.min.html]
[www.tmax.co.kr/3fc3aa14.min.html]
[www.tmax.co.kr/eed9660c.min.html]
[www.tmax.co.kr/e98ddd9c.min.html]
[www.tmax.co.kr/9f54505f.min.html]
[www.tmax.co.kr/82a3c6bd.min.html]
[www.tmax.co.kr/959e5e9e.min.html]
[www.tmax.co.kr/c6933345.min.html]
[www.tmax.co.kr/7ac66a81.min.html]
[www.tmax.co.kr/7f6e9aff.min.html]
[www.tmax.co.kr/7197ceeb.min.html]
[www.tmax.co.kr/4d761874.min.html]
[www.tmax.co.kr/57ee110f.min.html]
[www.tmax.co.kr/723e4fed.min.html]
[www.tmax.co.kr/7d0d5475.min.html]
[www.tmax.co.kr/d9e9ecf4.min.html]
[www.tmax.co.kr/4d71157d.min.html]
[www.tmax.co.kr/30611ad6.min.html]
[www.tmax.co.kr/3107aee2.min.html]
[www.tmax.co.kr/add763df.min.html]
[www.tmax.co.kr/20a005d9.min.html]
[www.tmax.co.kr/f12c724d.min.html]
[www.tmax.co.kr/b240b5cd.min.html]
[www.tmax.co.kr/9d437fe6.min.html]
[www.tmax.co.kr/c79506ef.min.html]
[www.tmax.co.kr/2683b280.min.html]
[www.tmax.co.kr/e356d735.min.html]
[www.tmax.co.kr/1fef0d1f.min.html]
[www.tmax.co.kr/4e9ee1a3.min.html]
[www.tmax.co.kr/8845e14b.min.html]
[www.tmax.co.kr/a7d5ac4b.min.html]
[www.tmax.co.kr/015a530e.min.html]
[www.tmax.co.kr/b6e3e82f.min.html]
[www.tmax.co.kr/731d5bce.min.html]
[www.tmax.co.kr/c61ac2b6.min.html]
[www.tmax.co.kr/c9d89f77.min.html]
[www.tmax.co.kr/77753e29.min.html]
[www.tmax.co.kr/2a3ba4df.min.html]
[www.tmax.co.kr/1150efce.min.html]
[www.tmax.co.kr/dbfd66d7.min.html]
[www.tmax.co.kr/e1813de1.min.html]
[www.tmax.co.kr/34b72cf9.min.html]
[www.tmax.co.kr/5d684912.min.html]
[www.tmax.co.kr/07d43a5b.min.html]
[www.tmax.co.kr/74e60b57.min.html]
[www.tmax.co.kr/71b202df.min.html]
[www.tmax.co.kr/b1140d86.min.html]
[www.tmax.co.kr/cd620fee.min.html]
[www.tmax.co.kr/ed87aa35.min.html]
[www.tmax.co.kr/f0dc1b0d.min.html]
[www.tmax.co.kr/a5995c4f.min.html]
[www.tmax.co.kr/8df597f4.min.html]
[www.tmax.co.kr/28856597.min.html]
[www.tmax.co.kr/5d8342a8.min.html]
[www.tmax.co.kr/2ebba997.min.html]
[www.tmax.co.kr/752ed7c6.min.html]
[www.tmax.co.kr/ecd167d2.min.html]
[www.tmax.co.kr/c64b57c8.min.html]
[www.tmax.co.kr/27565bf7.min.html]
[www.tmax.co.kr/426f7bc5.min.html]
[www.tmax.co.kr/f605a452.min.html]
[www.tmax.co.kr/38f9ee39.min.html]
[www.tmax.co.kr/90ab4450.min.html]
[www.tmax.co.kr/da15e916.min.html]
[www.tmax.co.kr/8a50d1c3.min.html]
[www.tmax.co.kr/912c5006.min.html]
[www.tmax.co.kr/60bf524a.min.html]
[www.tmax.co.kr/696515ba.min.html]
[www.tmax.co.kr/7400328c.chunk.min.html]
[www.tmax.co.kr/1e80f5bb.chunk.min.html]
[www.tmax.co.kr/a9e1f2a6.chunk.min.html]
[www.tmax.co.kr/82443d0c.chunk.min.html]
[www.tmax.co.kr/rb_wixui.thunderbolt_bootstrap-classic.3bbb949c.chunk.min.html]
[www.tmax.co.kr/rb_wixui.thunderbolt_common-site-members-dialogs.63305b9e.chunk.min.html]
[www.tmax.co.kr/rb_wixui.thunderbolt_common-site-members-dialogs.82443d0c.chunk.min.html]
[www.tmax.co.kr/rb_wixui.thunderbolt_bootstrap-responsive.a66c1914.chunk.min.html]
[www.tmax.co.kr/rb_wixui.thunderbolt_bootstrap-responsive.a9e1f2a6.chunk.min.html]
[www.tmax.co.kr/rb_wixui.thunderbolt_bootstrap.d2bc8922.chunk.min.html]
[www.tmax.co.kr/rb_wixui.thunderbolt_bootstrap.7400328c.chunk.min.html]
[www.tmax.co.kr/rb_wixui.corvid_core.1c78e86d.chunk.min.html]
[www.tmax.co.kr/rb_wixui.thunderbolt_mobile.3ea9ad42.chunk.min.html]
[www.tmax.co.kr/decodeURIComponent(e.html]
[www.tmax.co.kr/feed.html]
[static.parastorage.com/unpkg/react-dom@16.13.1/umd/react-dom.production.min.js]
[www.tmax.co.kr/index.html]
[www.tmax.co.kr/version/index.html]
[www.w3.org/1999/xlink.html]
[static.parastorage.com/services/third-party/fonts/user-site-fonts/fonts/d1b1e866-a411-42ba-8f75-72bf28e23694.svg]
[static.parastorage.com/services/third-party/fonts/user-site-fonts/fonts/9f774d17-c03a-418e-a375-34f3beecbc7a.svg]
[static.parastorage.com/services/third-party/fonts/user-site-fonts/fonts/58ae9be9-5d95-44b6-8b6c-e6da6a46822c.svg]
[static.parastorage.com/services/third-party/fonts/user-site-fonts/fonts/b0268c31-e450-4159-bfea-e0d20e2b5c0c.svg]
[static.parastorage.com/services/third-party/fonts/user-site-fonts/fonts/dc423cc1-bf86-415c-bc7d-ad7dde416a34.svg]
[static.parastorage.com/services/third-party/fonts/user-site-fonts/fonts/d17bc040-9e8b-4397-8356-8153f4a64edf.svg]
[static.parastorage.com/services/third-party/fonts/user-site-fonts/fonts/66cac56e-d017-4544-9d0c-f7d978f0c5c2.svg]
[static.parastorage.com/services/third-party/fonts/user-site-fonts/fonts/9c58e9ea-fdea-4b9c-b0f9-0a2157389ed0.svg]
[fonts.gstatic.com/l/font.svg_; filename_=UTF-8''font16c3.svg]
[fonts.gstatic.com/l/font.svg_; filename_=UTF-8''font36a7.svg]
[static.parastorage.com/services/third-party/fonts/user-site-fonts/fonts/open-source/opensans-regular-webfont.svg]
[static.parastorage.com/services/third-party/fonts/user-site-fonts/fonts/open-source/opensans-bold-webfont.svg]
[static.parastorage.com/services/third-party/fonts/user-site-fonts/fonts/open-source/opensans-italic-webfont.svg]
[static.parastorage.com/services/third-party/fonts/user-site-fonts/fonts/open-source/opensans-bolditalic-webfont.svg]
[fonts.gstatic.com/l/font.svg_; filename_=UTF-8''font457d.svg]
[fonts.gstatic.com/l/font.svg_; filename_=UTF-8''font2d4d.svg]
[fonts.gstatic.com/l/font.svg_; filename_=UTF-8''font048b.svg]
[fonts.gstatic.com/l/font.svg_; filename_=UTF-8''font6e11.svg]
[www.tmax.co.kr/티맥스-소개.html]
[www.tmax.co.kr/제품.html]
[www.tmax.co.kr/database.html]
[www.tmax.co.kr/cloud-platform.html]
[www.tmax.co.kr/ai-big-data-platform.html]
[www.tmax.co.kr/operating-system.html]
[www.tmax.co.kr/application-software.html]
[www.tmax.co.kr/tmaxnow.html]
[www.tmax.co.kr/newsletter.html]
[www.tmax.co.kr/webinar.html]
[www.tmax.co.kr/recruit-update.html]
[www.tmax.co.kr/contact.html]
[kr.tmaxsoft.com/main.html]
[www.tmaxdata.com/main.html]
[tmaxanc.com/index.html]
[www.tmaxtibero.com/main.html]
[www.tmax.co.kr/tmaxai.html]
[www.tmax.co.kr/tmaxbi.html]
[www.tmax.co.kr/tmaxoffice.html]
[www.tmax.co.kr/tmaxos.html]
[www.tmax.co.kr/tmaxos-1.html]
[tivine.co.kr/index.html]
[www.tmaxsoft.com/index.html]
[technet.tmaxsoft.com/ko/front/main/main.html]
[wapl.ai/indexd50b.html]
[www.facebook.com/unsupportedbrowser.html]
[www.youtube.com/channel/UCSL_WpbQKwxFZpdMSqRaRTg.html]
[post.naver.com/tmaxhq.html]
[blog.naver.com/wapl_ai.html]
[www.linkedin.com/company/75504868/admin/index.html]
[www.tmax.co.kr/tmaxcloud-back.html]
[www.tmax.co.kr/prolinux.html]
[www.tmax.co.kr/proli.html]
[www.tmax.co.kr/hypercloud.html]
[www.tmax.co.kr/hypercloud-2.html]
[www.ccdailynews.com/news/articleView8160.html]
[www.etnews.com/20210429000274.html]
[www.tmax.co.kr/logo.html]
[www.w3.org/1999/xlink.html]
[localhost_4200/index.html]
[bo.wix.com/suricate/index.html]
